nohup: ignorando entrada
Initiating advanced A/B benchmark for 1129 instances.
Setup: 10 runs of 200 iterations.

Processing: p455.stp            ...
Processing: p456.stp            ...
Processing: p457.stp            ...
Processing: p458.stp            ...
Processing: p459.stp            ...
Processing: p460.stp            ...
Processing: p461.stp            ...
Processing: p463.stp            ...
Processing: p464.stp            ...
Processing: p465.stp            ...
Processing: p466.stp            ...
Processing: berlin52.stp        ...
Processing: brasil58.stp        ...
Processing: world666.stp        ...
Processing: mc13.stp            ...
Processing: mc2.stp             ...
Processing: mc3.stp             ...
Processing: p401.stp            ...
Processing: p402.stp            ...
Processing: p403.stp            ...
Processing: p404.stp            ...
Processing: p405.stp            ...
Processing: p406.stp            ...
Processing: p407.stp            ...
Processing: p408.stp            ...
Processing: p409.stp            ...
Processing: p410.stp            ...
Processing: antiwheel5.stp      ...
Processing: design432.stp       ...
Processing: oddcycle3.stp       ...
Processing: oddwheel3.stp       ...
Processing: se03.stp            ...
Processing: w13c29.stp          ...
Processing: w23c23.stp          ...
Processing: w3c571.stp          ...
Processing: ER-001.stp          ...
Processing: ER-002.stp          ...
Processing: ER-003.stp          ...
Processing: ER-004.stp          ...
Processing: ER-005.stp          ...
Processing: ER-006.stp          ...
Processing: ER-007.stp          ...
Processing: ER-008.stp          ...
Processing: ER-009.stp          ...
Processing: ER-010.stp          ...
Processing: ER-011.stp          ...
Processing: ER-012.stp          ...
Processing: ER-013.stp          ...
Processing: ER-014.stp          ...
Processing: ER-015.stp          ...
Processing: ER-016.stp          ...
Processing: ER-017.stp          ...
Processing: ER-018.stp          ...
Processing: ER-019.stp          ...
Processing: ER-020.stp          ...
Processing: ER-021.stp          ...
Processing: ER-022.stp          ...
Processing: ER-023.stp          ...
Processing: ER-024.stp          ...
Processing: ER-025.stp          ...
Processing: ER-026.stp          ...
Processing: ER-027.stp          ...
Processing: ER-028.stp          ...
Processing: ER-029.stp          ...
Processing: ER-030.stp          ...
Processing: ER-031.stp          ...
Processing: ER-032.stp          ...
Processing: ER-033.stp          ...
Processing: ER-034.stp          ...
Processing: ER-035.stp          ...
Processing: ER-036.stp          ...
Processing: ER-037.stp          ...
Processing: ER-038.stp          ...
Processing: ER-039.stp          ...
Processing: ER-040.stp          ...
Processing: ER-041.stp          ...
Processing: ER-042.stp          ...
Processing: ER-043.stp          ...
Processing: ER-044.stp          ...
Processing: ER-045.stp          ...
Processing: ER-046.stp          ...
Processing: ER-047.stp          ...
Processing: ER-048.stp          ...
Processing: ER-049.stp          ...
Processing: ER-050.stp          ...
Processing: ER-051.stp          ...
Processing: ER-052.stp          ...
Processing: ER-053.stp          ...
Processing: ER-054.stp          ...
Processing: ER-055.stp          ...
Processing: ER-056.stp          ...
Processing: ER-057.stp          ...
Processing: ER-058.stp          ...
Processing: ER-059.stp          ...
Processing: ER-060.stp          ...
Processing: ER-061.stp          ...
Processing: ER-062.stp          ...
Processing: ER-063.stp          ...
Processing: ER-064.stp          ...
Processing: ER-065.stp          ...
Processing: ER-066.stp          ...
Processing: ER-067.stp          ...
Processing: ER-068.stp          ...
Processing: ER-069.stp          ...
Processing: ER-070.stp          ...
Processing: ER-071.stp          ...
Processing: ER-072.stp          ...
Processing: ER-073.stp          ...
Processing: ER-074.stp          ...
Processing: ER-075.stp          ...
Processing: ER-076.stp          ...
Processing: ER-077.stp          ...
Processing: ER-078.stp          ...
Processing: ER-079.stp          ...
Processing: ER-080.stp          ...
Processing: ER-081.stp          ...
Processing: ER-082.stp          ...
Processing: ER-083.stp          ...
Processing: ER-084.stp          ...
Processing: ER-085.stp          ...
Processing: ER-086.stp          ...
Processing: ER-087.stp          ...
Processing: ER-088.stp          ...
Processing: ER-089.stp          ...
Processing: ER-090.stp          ...
Processing: ER-091.stp          ...
Processing: ER-092.stp          ...
Processing: ER-093.stp          ...
Processing: ER-094.stp          ...
Processing: ER-095.stp          ...
Processing: ER-096.stp          ...
Processing: ER-097.stp          ...
Processing: ER-098.stp          ...
Processing: ER-099.stp          ...
Processing: ER-100.stp          ...
Processing: ER-101.stp          ...
Processing: ER-102.stp          ...
Processing: ER-103.stp          ...
Processing: ER-104.stp          ...
Processing: ER-105.stp          ...
Processing: ER-106.stp          ...
Processing: ER-107.stp          ...
Processing: ER-108.stp          ...
Processing: ER-109.stp          ...
Processing: ER-110.stp          ...
Processing: ER-111.stp          ...
Processing: ER-112.stp          ...
Processing: ER-113.stp          ...
Processing: ER-114.stp          ...
Processing: ER-115.stp          ...
Processing: ER-116.stp          ...
Processing: ER-117.stp          ...
Processing: ER-118.stp          ...
Processing: ER-119.stp          ...
Processing: ER-120.stp          ...
Processing: ER-121.stp          ...
Processing: ER-122.stp          ...
Processing: ER-123.stp          ...
Processing: ER-124.stp          ...
Processing: ER-125.stp          ...
Processing: ER-126.stp          ...
Processing: ER-127.stp          ...
Processing: ER-128.stp          ...
Processing: ER-129.stp          ...
Processing: ER-130.stp          ...
Processing: ER-131.stp          ...
Processing: ER-132.stp          ...
Processing: ER-133.stp          ...
Processing: ER-134.stp          ...
Processing: ER-135.stp          ...
Processing: ER-136.stp          ...
Processing: ER-137.stp          ...
Processing: ER-138.stp          ...
Processing: ER-139.stp          ...
Processing: ER-140.stp          ...
Processing: ER-141.stp          ...
Processing: ER-142.stp          ...
Processing: ER-143.stp          ...
Processing: ER-144.stp          ...
Processing: ER-145.stp          ...
Processing: ER-146.stp          ...
Processing: ER-147.stp          ...
Processing: ER-148.stp          ...
Processing: ER-149.stp          ...
Processing: ER-150.stp          ...
Processing: ER-151.stp          ...
Processing: ER-152.stp          ...
Processing: ER-153.stp          ...
Processing: ER-154.stp          ...
Processing: ER-155.stp          ...
Processing: ER-156.stp          ...
Processing: ER-157.stp          ...
Processing: ER-158.stp          ...
Processing: ER-159.stp          ...
Processing: ER-160.stp          ...
Processing: ER-161.stp          ...
Processing: ER-162.stp          ...
Processing: ER-163.stp          ...
Processing: ER-164.stp          ...
Processing: ER-165.stp          ...
Processing: ER-166.stp          ...
Processing: ER-167.stp          ...
Processing: ER-168.stp          ...
Processing: ER-169.stp          ...
Processing: ER-170.stp          ...
Processing: ER-171.stp          ...
Processing: ER-172.stp          ...
Processing: ER-173.stp          ...
